
> fitcoach@0.1.0 build
> next build

▲ Next.js 16.2.2 (Turbopack)
- Environments: .env

⚠ The "middleware" file convention is deprecated. Please use "proxy" instead. Learn more: https://nextjs.org/docs/messages/middleware-to-proxy
  Creating an optimized production build ...
✓ Compiled successfully in 8.5s
  Running TypeScript ...
  Finished TypeScript in 6.2s ...
  Collecting page data using 7 workers ...
  Generating static pages using 7 workers (0/20) ...
  Generating static pages using 7 workers (5/20) 
  Generating static pages using 7 workers (10/20) 
  Generating static pages using 7 workers (15/20) 
✓ Generating static pages using 7 workers (20/20) in 381ms
  Finalizing page optimization ...

Route (app)
┌ ƒ /
├ ƒ /_not-found
├ ƒ /api/auth/[...nextauth]
├ ƒ /api/auth/register
├ ƒ /api/client/assignments
├ ƒ /api/client/coaches
├ ƒ /api/client/coaches/request
├ ƒ /api/client/workouts
├ ƒ /api/client/workouts/[workoutId]
├ ƒ /api/client/workouts/[workoutId]/complete
├ ƒ /api/client/workouts/[workoutId]/sets
├ ƒ /api/coach/clients
├ ƒ /api/coach/clients/[clientId]/progress
├ ƒ /api/coach/clients/[clientId]/relation
├ ƒ /api/coach/clients/[clientId]/workouts
├ ƒ /api/coach/exercises
├ ƒ /api/coach/exercises/[id]
├ ƒ /api/coach/templates
├ ƒ /api/coach/templates/[id]
├ ƒ /api/coach/templates/[id]/assign
├ ƒ /api/coach/workouts/[workoutId]/comments
├ ƒ /client/coaches
├ ƒ /client/dashboard
├ ƒ /client/workout/[assignmentId]/start
├ ƒ /client/workouts/[workoutId]
├ ƒ /coach/clients
├ ƒ /coach/clients/[clientId]
├ ƒ /coach/clients/[clientId]/progress
├ ƒ /coach/dashboard
├ ƒ /coach/exercises
├ ƒ /coach/templates
├ ƒ /coach/templates/[id]/assign
├ ƒ /coach/templates/[id]/edit
├ ƒ /coach/templates/new
├ ƒ /login
└ ƒ /register


ƒ Proxy (Middleware)

ƒ  (Dynamic)  server-rendered on demand

BUILD_DONE
